2025-06-19 21:53:07,255 - 5501799605 - Admin login successful
2025-06-19 21:54:42,573 - 5501799605 - Admin login successful
2025-06-19 21:54:45,054 - 5501799605 - /users
2025-06-19 21:54:55,075 - 5501799605 - /setcoins 5945372600 9999
2025-06-19 21:55:25,683 - 5945372600 - Failed admin login attempt
2025-06-19 21:55:39,957 - 5945372600 - Failed admin login attempt
2025-06-19 21:59:48,020 - 5501799605 - Admin login successful
2025-06-19 21:59:54,634 - 5501799605 - /profits
2025-06-19 22:00:03,567 - 5501799605 - /exportprofits
2025-06-20 01:22:51,454 - 5501799605 - Admin login successful
2025-06-20 01:22:54,339 - 5501799605 - /users
2025-06-20 02:20:29,907 - 5501799605 - Admin login successful
2025-06-20 02:20:31,512 - 5501799605 - /profits
2025-06-22 09:36:08,027 - 6215659472 - Admin login successful
2025-06-22 09:59:47,220 - 6215659472 - Admin login successful
2025-06-22 10:00:40,047 - 6215659472 - Admin login successful
2025-06-22 10:34:23,732 - 6215659472 - Failed admin login attempt
2025-06-22 10:34:26,712 - 6215659472 - Failed admin login attempt
2025-06-22 10:34:31,612 - 6215659472 - Failed admin login attempt
2025-06-22 10:34:36,974 - 6215659472 - Failed admin login attempt
2025-06-22 10:35:02,374 - 6215659472 - Failed admin login attempt
2025-06-22 18:12:46,427 - 5501799605 - /profits
2025-06-22 18:13:15,901 - 5501799605 - /profits
2025-06-24 18:51:49,371 - 5501799605 - /setcoins 1588217763 999999
2025-07-03 19:28:38,648 - 5501799605 - /users
2025-07-03 19:29:25,305 - 5501799605 - /setcoins 5155701873 999999
2025-08-27 04:51:42,005 - 6215659472 - Admin login successful
2025-09-12 20:32:53,983 - 6215659472 - Admin login successful
2025-09-12 20:39:44,431 - 6215659472 - Admin login successful
2025-09-26 03:34:34,363 - 6439330914 - Failed admin login attempt
2025-09-26 03:35:23,999 - 6439330914 - Admin login successful
2025-09-26 03:49:54,600 - 6439330914 - Admin login successful
2025-09-26 04:09:38,145 - 6439330914 - Admin login successful
2025-09-26 04:19:20,786 - 6439330914 - Admin login successful
2025-09-26 04:20:08,748 - 6439330914 - /setcoins 6439330914 10000
2025-09-26 04:22:49,747 - 6439330914 - Admin login successful
2025-09-26 04:37:16,463 - 6439330914 - Admin login successful
2025-09-26 04:38:53,042 - 6439330914 - Admin login successful
2025-09-26 05:11:42,020 - 6439330914 - Admin login successful
2025-09-26 05:15:24,126 - 6439330914 - Admin login successful
2025-09-26 05:27:00,976 - 6439330914 - Admin login successful
2025-09-26 05:33:50,932 - 6439330914 - Admin login successful
2025-09-26 05:36:46,649 - 6439330914 - Admin login successful
2025-09-26 05:46:20,172 - 6439330914 - Admin login successful
2025-09-26 05:55:10,412 - 6439330914 - Admin login successful
2025-09-26 06:21:46,357 - 6439330914 - Admin login successful
2025-09-26 06:36:47,261 - 6439330914 - Admin login successful
2025-09-26 06:39:12,867 - 6439330914 - Admin login successful
2025-09-26 06:56:51,328 - 6439330914 - Admin login successful
2025-09-26 07:01:19,748 - 6439330914 - Admin login successful
2025-09-26 07:07:46,587 - 6439330914 - Admin login successful
2025-09-26 07:13:01,938 - 6439330914 - Admin login successful
2025-09-26 07:18:09,355 - 6439330914 - Admin login successful
2025-09-26 07:52:48,634 - 6439330914 - Admin login successful
